// Jest Snapshot v1, https://goo.gl/fbAQLP

exports[`rsa seed 1`] = `
Object {
  "coeff": ArrayBuffer [],
  "d": ArrayBuffer [],
  "dmp1": ArrayBuffer [],
  "dmq1": ArrayBuffer [],
  "n": ArrayBuffer [],
  "p": ArrayBuffer [],
  "q": ArrayBuffer [],
}
`;

exports[`sha256 hash 1`] = `
Uint8Array [
  3,
  144,
  88,
  198,
  242,
  192,
  203,
  73,
  44,
  83,
  59,
  10,
  77,
  20,
  239,
  119,
  204,
  15,
  120,
  171,
  204,
  206,
  213,
  40,
  125,
  132,
  161,
  162,
  1,
  28,
  251,
  129,
]
`;
