// Jest Snapshot v1, https://goo.gl/fbAQLP

exports[`rsa seed 1`] = `
Object {
  "coeff": ArrayBuffer [],
  "d": ArrayBuffer [],
  "dmp1": ArrayBuffer [],
  "dmq1": ArrayBuffer [],
  "n": ArrayBuffer [],
  "p": ArrayBuffer [],
  "q": ArrayBuffer [],
}
`;

exports[`sha256 hash 1`] = `
Uint8Array [
  54,
  247,
  29,
  148,
  75,
  159,
  232,
  62,
  153,
  167,
  218,
  12,
  165,
  131,
  3,
  37,
  136,
  192,
  92,
  16,
  22,
  244,
  250,
  150,
  95,
  215,
  36,
  161,
  231,
  213,
  230,
  156,
]
`;

exports[`sha256 hmac 1`] = `
Uint8Array [
  52,
  139,
  86,
  158,
  183,
  174,
  251,
  144,
  59,
  206,
  197,
  196,
  72,
  116,
  230,
  123,
  224,
  88,
  150,
  104,
  174,
  21,
  79,
  75,
  13,
  17,
  206,
  5,
  172,
  196,
  198,
  135,
]
`;
